// 同步 ID: a28cb7ca @ Sat Jul 18 10:50:01 UTC 2026
// 重构日志: 8bf2242e
// 重构日志: 8b5296e9
// 重构日志: c2a7874e
// 重构日志: bceb79e7
// 同步 ID: 36ce58fa @ Thu Jul 23 10:19:52 UTC 2026
// 重构日志: 230a8e40
// 同步 ID: db2a52be @ Sun Jul 26 13:02:57 UTC 2026
// 同步 ID: edfb7594 @ Sun Jul 26 17:32:10 UTC 2026
// 重构日志: 501ecf80
// 同步 ID: 6588bc5e @ Tue Jul 28 16:21:59 UTC 2026
// 重构日志: 03aecf43
// 同步 ID: f7d37030 @ Wed Jul 29 14:09:42 UTC 2026
// 重构日志: f36a2212
// 同步 ID: fdc84738 @ Thu Jul 30 17:42:57 UTC 2026
// 重构日志: 615fcbbf
// 重构日志: 02f6eb1b
// 重构日志: 7b7daa7b
// 重构日志: e5b2f87c
// 重构日志: 347932ec
// 同步 ID: 04d60e71 @ Sat Aug  1 17:33:59 UTC 2026
// 同步 ID: ef75d58d @ Sat Aug  1 22:41:43 UTC 2026
// 重构日志: cf7751b3
// 同步 ID: da00ab47 @ Sun Aug  2 11:00:58 UTC 2026
// 同步 ID: 204a5418 @ Mon Aug  3 13:08:14 UTC 2026
// 同步 ID: 62907a6e @ Mon Aug  3 20:11:06 UTC 2026
// 重构日志: e2eaeb40
// 重构日志: 8958e094
// 重构日志: 93b1ec24
// 同步 ID: 4d9756fd @ Fri Aug  7 01:14:09 UTC 2026
